[2026-03-04 16:10:09] API hívás: /VIZSGAREMEK/api.php?action=get_all_users
[2026-03-04 16:10:09] handleRequest indul: action=get_all_users
[2026-03-04 16:10:09] API hívás: /VIZSGAREMEK/api.php?action=animals&adopted=all
[2026-03-04 16:10:09] handleRequest indul: action=animals
[2026-03-04 16:10:09] API hívás: /VIZSGAREMEK/api.php?action=blog
[2026-03-04 16:10:09] handleRequest indul: action=blog
[2026-03-04 16:10:20] API hívás: /VIZSGAREMEK/api.php?action=get_all_users
[2026-03-04 16:10:20] handleRequest indul: action=get_all_users
[2026-03-04 16:10:20] API hívás: /VIZSGAREMEK/api.php?action=animals&adopted=all
[2026-03-04 16:10:20] handleRequest indul: action=animals
[2026-03-04 16:10:20] API hívás: /VIZSGAREMEK/api.php?action=blog
[2026-03-04 16:10:20] handleRequest indul: action=blog
[2026-03-04 16:10:27] API hívás: /VIZSGAREMEK/api.php?action=logout
[2026-03-04 16:10:27] handleRequest indul: action=logout
[2026-03-04 16:10:46] API hívás: /VIZSGAREMEK/api.php?action=login
[2026-03-04 16:10:46] handleRequest indul: action=login
[2026-03-04 16:10:46] API hívás: /VIZSGAREMEK/api.php?action=get_all_users
[2026-03-04 16:10:46] handleRequest indul: action=get_all_users
[2026-03-04 16:10:50] API hívás: /VIZSGAREMEK/api.php?action=user
[2026-03-04 16:10:50] handleRequest indul: action=user
[2026-03-04 16:10:53] API hívás: /VIZSGAREMEK/api.php?action=get_all_users
[2026-03-04 16:10:53] API hívás: /VIZSGAREMEK/api.php?action=get_adoptions
d=all
[2026-03-04 16:10:53] handleRequest indul: action=get_all_users
[2026-03-04 16:10:53] handleRequest indul: action=animals
[2026-03-04 16:10:53] handleRequest indul: action=get_adoptions
[2026-03-04 16:11:16] API hívás: /VIZSGAREMEK/api.php?action=animal
[2026-03-04 16:11:16] handleRequest indul: action=animal
[2026-03-04 16:11:23] API hívás: /VIZSGAREMEK/api.php?action=animal
[2026-03-04 16:11:23] handleRequest indul: action=animal
[2026-03-04 16:14:03] API hívás: /VIZSGAREMEK/api.php?action=get_all_users
[2026-03-04 16:14:03] handleRequest indul: action=get_all_users
[2026-03-04 16:14:07] API hívás: /VIZSGAREMEK/api.php?action=animals&adopted=all
[2026-03-04 16:14:07] handleRequest indul: action=animals
[2026-03-04 16:14:11] API hívás: /VIZSGAREMEK/api.php?action=blog
[2026-03-04 16:14:11] handleRequest indul: action=blog
[2026-03-04 16:14:20] API hívás: /VIZSGAREMEK/api.php?action=login
[2026-03-04 16:14:20] handleRequest indul: action=login
[2026-03-04 16:14:23] API hívás: /VIZSGAREMEK/api.php?action=login
[2026-03-04 16:14:23] handleRequest indul: action=login
[2026-03-04 16:14:38] API hívás: /VIZSGAREMEK/api.php?action=user
[2026-03-04 16:14:38] handleRequest indul: action=user
[2026-03-04 16:14:42] API hívás: /VIZSGAREMEK/api.php?action=animals&adopted=all
[2026-03-04 16:14:42] handleRequest indul: action=animals
[2026-03-04 16:14:42] API hívás: /VIZSGAREMEK/api.php?action=get_all_users
[2026-03-04 16:14:42] API hívás: /VIZSGAREMEK/api.php?action=get_adoptions
[2026-03-04 16:14:42] handleRequest indul: action=get_adoptions
[2026-03-04 16:14:42] handleRequest indul: action=get_all_users
[2026-03-04 16:15:00] API hívás: /VIZSGAREMEK/api.php?action=user
[2026-03-04 16:15:00] handleRequest indul: action=user
[2026-03-04 16:15:04] API hívás: /VIZSGAREMEK/api.php?action=animals&adopted=all
[2026-03-04 16:15:04] handleRequest indul: action=animals
[2026-03-04 16:15:04] API hívás: /VIZSGAREMEK/api.php?action=get_adoptions
[2026-03-04 16:15:04] API hívás: /VIZSGAREMEK/api.php?action=get_all_users
[2026-03-04 16:15:04] handleRequest indul: action=get_all_users
[2026-03-04 16:15:04] handleRequest indul: action=get_adoptions
[2026-03-04 16:15:45] API hívás: /VIZSGAREMEK/api.php?action=logout
[2026-03-04 16:15:45] handleRequest indul: action=logout
[2026-03-04 16:15:50] API hívás: /VIZSGAREMEK/api.php?action=animals&adopted=all
[2026-03-04 16:15:50] API hívás: /VIZSGAREMEK/api.php?action=get_adoptions
[2026-03-04 16:15:50] handleRequest indul: action=animals
[2026-03-04 16:15:50] API hívás: /VIZSGAREMEK/api.php?action=get_all_users
[2026-03-04 16:15:50] handleRequest indul: action=get_all_users
[2026-03-04 16:17:19] API hívás: /VIZSGAREMEK/api.php?action=login
[2026-03-04 16:17:19] handleRequest indul: action=login
[2026-03-04 16:19:54] API hívás: /VIZSGAREMEK/api.php?action=animals&adopted=all
[2026-03-04 16:19:54] API hívás: /VIZSGAREMEK/api.php?action=get_adoptions
[2026-03-04 16:19:54] API hívás: /VIZSGAREMEK/api.php?action=get_all_users
[2026-03-04 16:19:54] handleRequest indul: action=get_adoptions
[2026-03-04 16:19:54] handleRequest indul: action=animals
[2026-03-04 16:19:54] handleRequest indul: action=get_all_users
[2026-03-04 16:19:57] API hívás: /VIZSGAREMEK/api.php?action=login
[2026-03-04 16:19:57] handleRequest indul: action=login
[2026-03-04 16:20:02] API hívás: /VIZSGAREMEK/api.php?action=animals&adopted=all
[2026-03-04 16:20:02] handleRequest indul: action=animals
[2026-03-04 16:20:02] API hívás: /VIZSGAREMEK/api.php?action=get_adoptions
[2026-03-04 16:20:02] API hívás: /VIZSGAREMEK/api.php?action=get_all_users
[2026-03-04 16:20:02] handleRequest indul: action=get_all_users
[2026-03-04 16:20:02] handleRequest indul: action=get_adoptions
[2026-03-04 16:20:08] API hívás: /VIZSGAREMEK/api.php?action=animals&adopted=all
[2026-03-04 16:20:08] API hívás: /VIZSGAREMEK/api.php?action=get_adoptions
[2026-03-04 16:20:08] API hívás: /VIZSGAREMEK/api.php?action=get_all_users
[2026-03-04 16:20:08] handleRequest indul: action=get_all_users
[2026-03-04 16:20:10] API hívás: /VIZSGAREMEK/api.php?action=login
[2026-03-04 16:20:10] handleRequest indul: action=login
[2026-03-04 16:20:40] API hívás: /VIZSGAREMEK/api.php?action=get_all_users
[2026-03-04 16:20:40] handleRequest indul: action=get_all_users
[2026-03-04 16:20:44] API hívás: /VIZSGAREMEK/api.php?action=animals&adopted=all
[2026-03-04 16:20:44] handleRequest indul: action=animals
[2026-03-04 16:20:48] API hívás: /VIZSGAREMEK/api.php?action=blog
[2026-03-04 16:20:48] handleRequest indul: action=blog
[2026-03-04 16:20:53] API hívás: /VIZSGAREMEK/api.php?action=login
[2026-03-04 16:20:53] handleRequest indul: action=login
[2026-03-04 16:21:05] API hívás: /VIZSGAREMEK/api.php?action=login
[2026-03-04 16:21:05] handleRequest indul: action=login
[2026-03-04 16:21:07] API hívás: /VIZSGAREMEK/api.php?action=login
[2026-03-04 16:21:07] handleRequest indul: action=login
[2026-03-04 16:28:05] API hívás: /VIZSGAREMEK/api.php?action=get_all_users
[2026-03-04 16:28:05] handleRequest indul: action=get_all_users
[2026-03-04 16:28:09] API hívás: /VIZSGAREMEK/api.php?action=animals&adopted=all
[2026-03-04 16:28:09] handleRequest indul: action=animals
[2026-03-04 16:28:13] API hívás: /VIZSGAREMEK/api.php?action=blog
[2026-03-04 16:28:13] handleRequest indul: action=blog
[2026-03-04 16:28:15] API hívás: /VIZSGAREMEK/api.php?action=login
[2026-03-04 16:28:15] handleRequest indul: action=login
